../Middleware/ESP8266/Src/esp8266_at.c:18:13:USART1_SendOneByte	16	static
../Middleware/ESP8266/Src/esp8266_at.c:26:6:ESP8266_ATSendBuf	16	static
../Middleware/ESP8266/Src/esp8266_at.c:38:6:ESP8266_ATSendString	16	static
../Middleware/ESP8266/Src/esp8266_at.c:53:6:ESP8266_ExitUnvarnishedTrans	8	static
../Middleware/ESP8266/Src/esp8266_at.c:62:9:FindStr	24	static
../Middleware/ESP8266/Src/esp8266_at.c:83:9:ESP8266_Check	16	static
../Middleware/ESP8266/Src/esp8266_at.c:103:9:ESP8266_Init	8	static
../Middleware/ESP8266/Src/esp8266_at.c:136:6:ESP8266_Restore	8	static
../Middleware/ESP8266/Src/esp8266_at.c:155:9:ESP8266_ConnectAP	24	static
../Middleware/ESP8266/Src/esp8266_at.c:186:16:ESP8266_OpenTransmission	16	static
../Middleware/ESP8266/Src/esp8266_at.c:216:9:ESP8266_ConnectServer	40	static
../Middleware/ESP8266/Src/esp8266_at.c:262:9:DisconnectServer	16	static
